// Jest Snapshot v1, https://goo.gl/fbAQLP

exports[`matches snapshot. 1`] = `
<div
  className="container"
>
  <div
    className="container"
  >
    <p>
      <span
        className="header"
      >
        Area 55
      </span>
      <br />
      <br />
      Et dolore qui eiusmod ullamco ipsum nisi culpa in irure fugiat. Sint eiusmod reprehenderit anim cupidatat cupidatat aliquip esse. Cillum magna occaecat sunt cupidatat nisi magna nisi. Incididunt magna esse cupidatat reprehenderit irure et consectetur cillum. Nisi exercitation consequat quis non aliqua aliqua id excepteur velit qui consectetur cillum adipisicing.
      <br />
      <br />
      <a>
        http://a.com
      </a>
    </p>
    <img
      alt=""
      src="https://picsum.photos/200/300/?random"
    />
  </div>
</div>
`;
