// Jest Snapshot v1, https://goo.gl/fbAQLP

exports[`matches snapshot. 1`] = `
<div
  className="container"
>
  <div
    className="container"
  >
    <img
      alt=""
      className="widget"
      src="RD3CTFQ3_11.jpg"
    />
    <div
      className="description"
    >
      <h1
        className="header"
      >
        Demonstration of Physics Laws
      </h1>
      <br />
      <p>
        Et dolore qui eiusmod ullamco ipsum nisi culpa in irure fugiat. Sint eiusmod reprehenderit anim cupidatat cupidatat aliquip esse. Cillum magna occaecat sunt cupidatat nisi magna nisi. Incididunt magna esse cupidatat reprehenderit irure et consectetur cillum. Nisi exercitation consequat quis non aliqua aliqua id excepteur velit qui consectetur cillum adipisicing.
      </p>
      <br />
      <a
        href="http://a.com"
      >
        See project
      </a>
    </div>
  </div>
</div>
`;
