// Jest Snapshot v1, https://goo.gl/fbAQLP

exports[`matches snapshot. 1`] = `
<div
  className="container"
>
  <img
    alt=""
    className="widget"
    src="RD3CTFQ3_11.jpg"
  />
  <div
    className="description"
  >
    <h1
      className="header"
    >
      Header
    </h1>
    <br />
    <p />
    <br />
    <a
      href="/url"
    >
      See project
    </a>
  </div>
</div>
`;
