// Jest Snapshot v1, https://goo.gl/fbAQLP

exports[`matches snapshot. 1`] = `
<div
  className="container"
>
  <div
    className="content"
  >
    <p>
      Aliquip est sit elit eiusmod quis consequat. Elit Lorem minim exercitation nulla ut reprehenderit ea. Ea ut aute Lorem sint dolor et nostrud qui non irure ullamco aliquip esse eiusmod. Laborum minim pariatur irure laborum ex minim consequat laboris esse proident est laboris. Laborum in minim ipsum consectetur cupidatat proident eu commodo voluptate enim. Qui aliquip ipsum excepteur sunt consectetur aliqua voluptate aliqua do officia duis anim.
    </p>
    <form>
      <fieldset>
        <input
          placeholder="Your name"
          type="text"
        />
      </fieldset>
      <fieldset>
        <input
          placeholder="Email"
          type="email"
        />
      </fieldset>
      <fieldset>
        <textarea
          placeholder="Message"
        />
      </fieldset>
      <fieldset>
        <input
          type="submit"
          value="Submit"
        />
      </fieldset>
    </form>
  </div>
</div>
`;
