// Jest Snapshot v1, https://goo.gl/fbAQLP

exports[`matches snapshot. 1`] = `
<div
  className="container"
>
  <img
    alt=""
    src="RD3CTFQ3_11.jpg"
  />
  <div
    className="description"
  >
    <h1
      className="header"
    >
      Hi,
    </h1>
    <p>
      
              Sunt incididunt duis cillum aliquip deserunt amet adipisicing officia dolor sint laboris. Tempor culpa incididunt sint cillum laboris exercitation ullamco aliqua. Aliquip ipsum voluptate adipisicing dolore ex elit sint veniam adipisicing.
          
    </p>
    <a />
  </div>
</div>
`;
